<?xml version="1.0" encoding="UTF-8"?>
<testsuites name="jest tests" tests="22" failures="0" errors="0" time="8.705">
  <testsuite name="azure devops mock infrastructure" errors="0" failures="0" skipped="0" timestamp="2026-03-26T12:53:35" time="4.052" tests="2">
    <testcase classname="azure devops mock infrastructure returns default API clients through getClient" name="azure devops mock infrastructure returns default API clients through getClient" time="0.012">
    </testcase>
    <testcase classname="azure devops mock infrastructure captures and triggers registered SDK event handlers" name="azure devops mock infrastructure captures and triggers registered SDK event handlers" time="0.003">
    </testcase>
  </testsuite>
  <testsuite name="test tooling" errors="0" failures="0" skipped="0" timestamp="2026-03-26T12:53:35" time="4.081" tests="1">
    <testcase classname="test tooling runs the test harness" name="test tooling runs the test harness" time="0.012">
    </testcase>
  </testsuite>
  <testsuite name="TagService" errors="0" failures="0" skipped="0" timestamp="2026-03-26T12:53:34" time="5.8" tests="9">
    <testcase classname="TagService loads and sorts tags by name" name="TagService loads and sorts tags by name" time="0.035">
    </testcase>
    <testcase classname="TagService deletes a tag by id" name="TagService deletes a tag by id" time="0.001">
    </testcase>
    <testcase classname="TagService renames a tag by id" name="TagService renames a tag by id" time="0.001">
    </testcase>
    <testcase classname="TagService counts matching work items across projects and skips project failures" name="TagService counts matching work items across projects and skips project failures" time="0.001">
    </testcase>
    <testcase classname="TagService returns work item ids that contain a tag" name="TagService returns work item ids that contain a tag" time="0.001">
    </testcase>
    <testcase classname="TagService merges source tags into target and deletes source tag" name="TagService merges source tags into target and deletes source tag" time="0.002">
    </testcase>
    <testcase classname="TagService does not patch work items when transformed tag set is unchanged" name="TagService does not patch work items when transformed tag set is unchanged" time="0.001">
    </testcase>
    <testcase classname="TagService loads work items in batches of 200 for updates" name="TagService loads work items in batches of 200 for updates" time="0.003">
    </testcase>
    <testcase classname="TagService throws when project context is unavailable" name="TagService throws when project context is unavailable" time="0.019">
    </testcase>
  </testsuite>
  <testsuite name="TagTable" errors="0" failures="0" skipped="0" timestamp="2026-03-26T12:53:35" time="6.36" tests="2">
    <testcase classname="TagTable shows zero data state when no tags are available" name="TagTable shows zero data state when no tags are available" time="0.04">
    </testcase>
    <testcase classname="TagTable toggles row selection and select-all" name="TagTable toggles row selection and select-all" time="0.088">
    </testcase>
  </testsuite>
  <testsuite name="StatusLog" errors="0" failures="0" skipped="0" timestamp="2026-03-26T12:53:34" time="6.429" tests="2">
    <testcase classname="StatusLog does not render when empty" name="StatusLog does not render when empty" time="0.026">
    </testcase>
    <testcase classname="StatusLog expands and renders log entries" name="StatusLog expands and renders log entries" time="0.079">
    </testcase>
  </testsuite>
  <testsuite name="Hub bootstrap" errors="0" failures="0" skipped="0" timestamp="2026-03-26T12:53:35" time="6.525" tests="1">
    <testcase classname="Hub bootstrap initializes SDK, renders app, and notifies load success" name="Hub bootstrap initializes SDK, renders app, and notifies load success" time="2.578">
    </testcase>
  </testsuite>
  <testsuite name="MergeDialog" errors="0" failures="0" skipped="0" timestamp="2026-03-26T12:53:34" time="6.594" tests="2">
    <testcase classname="MergeDialog supports selecting an existing suggestion" name="MergeDialog supports selecting an existing suggestion" time="0.11">
    </testcase>
    <testcase classname="MergeDialog shows create-new affordance for unknown target tag" name="MergeDialog shows create-new affordance for unknown target tag" time="0.008">
    </testcase>
  </testsuite>
  <testsuite name="TagManagerApp" errors="0" failures="0" skipped="0" timestamp="2026-03-26T12:53:34" time="7.01" tests="3">
    <testcase classname="TagManagerApp loads tags and renders management actions" name="TagManagerApp loads tags and renders management actions" time="0.215">
    </testcase>
    <testcase classname="TagManagerApp shows an error card when loading fails" name="TagManagerApp shows an error card when loading fails" time="0.018">
    </testcase>
    <testcase classname="TagManagerApp opens count confirmation dialog when many tags are selected" name="TagManagerApp opens count confirmation dialog when many tags are selected" time="0.166">
    </testcase>
  </testsuite>
</testsuites>